// Jest Snapshot v1, https://goo.gl/fbAQLP

exports[`App should match the correct snapshot 1`] = `
<div
  id="app-div"
>
  <withRouter(Connect(Header)) />
  <Switch>
    <Route
      component={[Function]}
      path="/not-found"
    />
    <Route
      component={[Function]}
      path="/"
    />
  </Switch>
  <Switch>
    <Route
      component={[Function]}
      path="/stations"
    />
    <Route
      component={[Function]}
      path="/my-stops"
    />
    <Route
      path="/login"
      render={[Function]}
    />
    <Route
      path="/sign-up"
      render={[Function]}
    />
    <Route
      path="/:anythingelse"
      render={[Function]}
    />
  </Switch>
</div>
`;
